// Jest Snapshot v1, https://goo.gl/fbAQLP

exports[`<PlayButtonUI /> component it should render a PauseIcon component 1`] = `
<button
  className="sc-bdnylx cMhJU"
  onClick={[MockFunction]}
  size="33px"
  title="Play"
>
  <svg
    height="70"
    viewBox="0 0 70 70"
    width="70"
    xmlns="http://www.w3.org/2000/svg"
  >
    <path
      d="M49.422 36.789L25.894 48.553A2 2 0 0 1 23 46.763V23.237a2 2 0 0 1 2.894-1.789l23.528 11.764a2 2 0 0 1 0 3.578z"
      fill="#FFF"
      fillRule="evenodd"
    />
  </svg>
</button>
`;

exports[`<PlayButtonUI /> component it should render a StopIcon component 1`] = `
<button
  className="sc-bdnylx cMhJU"
  onClick={[MockFunction]}
  size="33px"
  title="Play"
>
  <svg
    height="70"
    viewBox="0 0 70 70"
    width="70"
    xmlns="http://www.w3.org/2000/svg"
  >
    <path
      d="M49.422 36.789L25.894 48.553A2 2 0 0 1 23 46.763V23.237a2 2 0 0 1 2.894-1.789l23.528 11.764a2 2 0 0 1 0 3.578z"
      fill="#FFF"
      fillRule="evenodd"
    />
  </svg>
</button>
`;
