// Jest Snapshot v1, https://goo.gl/fbAQLP

exports[`<NextUI /> component it should render a NextUI component 1`] = `
<button
  className="sc-bdnylx kfRpdC"
  onClick={[MockFunction]}
  title="Next track"
>
  <svg
    height="21"
    viewBox="0 0 19 21"
    width="19"
    xmlns="http://www.w3.org/2000/svg"
    xmlnsXlink="http://www.w3.org/1999/xlink"
  >
    <defs>
      <path
        d="M0 19.6l12.75-9.8L0 0v19.6zM15 0v19.6h3V0h-3z"
        id="prefix_ii"
      />
    </defs>
    <use
      fill="#FFF"
      fillRule="nonzero"
      transform="translate(.5 .7)"
      xlinkHref="#prefix_ii"
    />
  </svg>
</button>
`;

exports[`<NextUI /> component it should render a NextUI component with theming color 1`] = `
<button
  className="sc-bdnylx kfRpdC"
  onClick={[MockFunction]}
  title="Next track"
>
  <svg
    height="21"
    viewBox="0 0 19 21"
    width="19"
    xmlns="http://www.w3.org/2000/svg"
    xmlnsXlink="http://www.w3.org/1999/xlink"
  >
    <defs>
      <path
        d="M0 19.6l12.75-9.8L0 0v19.6zM15 0v19.6h3V0h-3z"
        id="prefix_ii"
      />
    </defs>
    <use
      fill="#FFF"
      fillRule="nonzero"
      transform="translate(.5 .7)"
      xlinkHref="#prefix_ii"
    />
  </svg>
</button>
`;
